{
  "headers" : {
    "Authorization" : "Bearer asharedsecret"
  },
  "request" : {
    "body" : {
      "app_user_id" : "user",
      "fetch_token" : "YW4gYXdlc29tZSByZWNlaXB0",
      "initiation_source" : "queue",
      "is_restore" : false,
      "observer_mode" : false
    },
    "method" : "POST",
    "url" : "https:\/\/api.revenuecat.com\/v1\/receipts"
  }
}