{
  "headers" : {
    "Authorization" : "Bearer asharedsecret",
    "content-type" : "application/json",
    "X-Apple-Device-Identifier" : "5D7C0074-07E4-4564-AAA4-4008D0640881",
    "X-Client-Build-Version" : "12345",
    "X-Client-Bundle-ID" : "com.apple.dt.xctest.tool",
    "X-Client-Version" : "17.0.0",
    "X-Is-Sandbox" : "true",
    "X-Observer-Mode-Enabled" : "false",
    "X-Platform" : "iOS",
    "X-Platform-Flavor" : "native",
    "X-Platform-Version" : "Version 17.0.0 (Build 21A342)",
    "X-Storefront" : "USA",
    "X-StoreKit-Version" : "1",
    "X-StoreKit2-Enabled" : "false",
    "X-Version" : "4.0.0"
  },
  "request" : {
    "body" : {
      "app_user_id" : "user",
      "attributes" : {
        "$attConsentStatus" : {
          "updated_at_ms" : 1678307200000,
          "value" : "authorized"
        }
      },
      "currency" : "USD",
      "fetch_token" : "ewogICJhcHBfdHJhbnNhY3Rpb24iIDogImp3c190b2tlbiIsCiAgImJ1bmRsZV9pZCIgOiAiMTIzX2J1bmRsZV9pZCIsCiAgImVudmlyb25tZW50IiA6ICJ4Y29kZSIsCiAgInN1YnNjcmlwdGlvbl9zdGF0dXMiIDogewogICAgIjEyM19zdWJzY3JpcHRpb25fZ3JvdXBfaWQiIDogWwogICAgICB7CiAgICAgICAgInJlbmV3YWxfaW5mbyIgOiAiMTIzX3JlbmV3YWxfaW5mb19qd3NfdG9rZW4iLAogICAgICAgICJzdGF0ZSIgOiAxLAogICAgICAgICJ0cmFuc2FjdGlvbiIgOiAiMTIzX3RyYW5zYWN0aW9uX2p3c190b2tlbiIKICAgICAgfQogICAgXQogIH0sCiAgInRyYW5zYWN0aW9ucyIgOiBbCiAgICAiMTIzX3RyYW5zYWN0aW9uX2p3c190b2tlbiIKICBdCn0=",
      "initiation_source" : "purchase",
      "is_restore" : false,
      "observer_mode" : true,
      "price" : "15.99",
      "product_id" : "product_id",
      "store_country" : "ESP"
    },
    "method" : "POST",
    "url" : "https://api.revenuecat.com/v1/receipts"
  }
}