{
  "headers" : {
    "Authorization" : "Bearer asharedsecret"
  },
  "request" : {
    "body" : {
      "app_user_id" : "user",
      "attributes" : {
        "$attConsentStatus" : {
          "updated_at_ms" : 1678307200000,
          "value" : "authorized"
        }
      },
      "currency" : "UYU",
      "fetch_token" : "YW4gYXdlc29tZSByZWNlaXB0",
      "initiation_source" : "queue",
      "is_restore" : false,
      "observer_mode" : false,
      "payment_mode" : 2,
      "price" : "15.99",
      "product_id" : "product_id",
      "store_country" : "ESP"
    },
    "method" : "POST",
    "url" : "https://api.revenuecat.com/v1/receipts"
  }
}