{
  "headers" : {
    "Authorization" : "Bearer asharedsecret"
  },
  "request" : {
    "body" : {
      "app_user_id" : "user",
      "attributes" : {
        "$attConsentStatus" : {
          "updated_at_ms" : 1678307200000,
          "value" : "notDetermined"
        }
      },
      "fetch_token" : "YW4gYXdlc29tZWVyIHJlY2VpcHQ=",
      "initiation_source" : "queue",
      "is_restore" : true,
      "observer_mode" : false,
      "presented_offering_identifier" : "offering_b"
    },
    "method" : "POST",
    "url" : "https:\/\/api.revenuecat.com\/v1\/receipts"
  }
}