{
  "currency" : "UYU",
  "introductory_price" : 0,
  "normal_duration" : "P3Y",
  "offers" : [
    {
      "offer_identifier" : "offerid1",
      "payment_mode" : 0,
      "price" : 11
    },
    {
      "offer_identifier" : "offerid2",
      "payment_mode" : 1,
      "price" : 12
    },
    {
      "offer_identifier" : "offerid3",
      "payment_mode" : 2,
      "price" : 13
    }
  ],
  "payment_mode" : 1,
  "price" : 49.99,
  "product_id" : "cool_product",
  "subscription_group_id" : "cool_group",
  "trial_duration" : "P3W"
}