{
  "currency" : "UYU",
  "price" : "15.99",
  "product_id" : "cool_product",
  "store_country" : "ESP"
}