{
  "currency" : "UYU",
  "payment_mode" : 1,
  "price" : "15.99",
  "product_id" : "product_id",
  "store_country" : "ESP"
}