{
  "currency" : "USD",
  "price" : "15.99",
  "product_id" : "product_id",
  "store_country" : "ESP"
}