{
  "currency" : "UYU",
  "intro_duration" : "P3M",
  "price" : "15.99",
  "product_id" : "product_id",
  "store_country" : "ESP"
}