{
  "headers" : {
    "Authorization" : "Bearer the api key"
  },
  "request" : {
    "body" : {
      "aad_attribution_token" : "token",
      "app_user_id" : "abc123",
      "attributes" : {
        "$attConsentStatus" : {
          "updated_at_ms" : 1678307200000,
          "value" : "authorized"
        }
      },
      "fetch_token" : "YW4gYXdlc29tZSByZWNlaXB0",
      "initiation_source" : "restore",
      "is_restore" : false,
      "observer_mode" : false,
      "paywall": {
          "session_id": "EFWEf-WEFWEF-WEFEWF_WEFWEF",
          "revision": 1,
          "display_mode": "fullscreen",
          "dark_mode": false,
          "locale_displayed": "en_US",
          "locale_requested": "fr_FR"
      }
    },
    "method" : "POST",
    "url" : "https://api.revenuecat.com/v1/receipts"
  }
}
