iOS18-testValidateMultiTierPaywallWithNoTierLocalization.1.json