iOS18-testUnrecognizedVariableInTierFeaturesGeneratesDefaultPaywall-watchOS.1.json