iOS18-testUnrecognizedVariableInFeaturesGeneratesDefaultPaywall.1.json