iOS18-testValidateMultiTierPaywallWithMissingTierLocalization-watchOS.1.json