iOS18-testValidateSingleTierPaywallWithMissingLocalization-watchOS.1.json