iOS18-testValidateMultiTierPaywallWithMissingTierNames-watchOS.1.json