iOS18-testValidateValidMultiTierPaywall-watchOS.1.json