iOS18-testUnrecognizedIconsInTiersGeneratesDefaultPaywall.1.json