iOS18-testUnrecognizedTemplateNameGeneratesDefaultPaywall-watchOS.1.json