iOS18-testValidateMissingPaywallWithSpanishLocalization.1.json