{
  "asset_base_url" : "https://assets.pawwalls.com",
  "config" : {
    "blurred_background_image" : true,
    "color_overrides_by_tier" : {

    },
    "colors" : {
      "light" : {
        "accent1" : "#007AFF",
        "accent2" : "#000000",
        "background" : "#FFFFFF",
        "call_to_action_background" : "#007AFF",
        "call_to_action_foreground" : "#FFFFFF",
        "text1" : "#000000"
      }
    },
    "display_restore_purchases" : true,
    "image_overrides_by_tier" : {

    },
    "images_heic" : {
      "background" : "background.jpg",
      "header" : null,
      "icon" : "revenuecatui_default_paywall_app_icon"
    },
    "packages" : [
      "$rc_monthly",
      "$rc_annual"
    ],
    "privacy_url" : null,
    "tiers" : [

    ],
    "tos_url" : null
  },
  "localized_strings" : {
    "es_ES" : {
      "call_to_action" : "Continuar",
      "call_to_action_with_intro_offer" : null,
      "features" : [

      ],
      "offer_details" : "{{ total_price_and_per_month }}",
      "offer_details_with_intro_offer" : "{{ sub_offer_duration }} gratis y luego {{ total_price_and_per_month }}.",
      "offer_name" : null,
      "subtitle" : null,
      "tier_name" : null,
      "title" : "{{ app_name }}"
    }
  },
  "localized_strings_by_tier" : {

  },
  "revision" : -1,
  "template_name" : "2"
}