{
  "asset_base_url" : "https://assets.pawwalls.com",
  "config" : {
    "blurred_background_image" : false,
    "color_overrides_by_tier" : {

    },
    "colors" : {
      "dark" : {
        "accent1" : "#8E5AF7",
        "accent2" : "#CE0755",
        "accent3" : "#E87AA4",
        "background" : "#000000",
        "call_to_action_background" : "#32571A",
        "call_to_action_foreground" : "#88FF6A",
        "text1" : "#FFFFFF",
        "text2" : "#CDCDCD",
        "text3" : "#000000"
      },
      "light" : {
        "accent1" : "#A8EE76",
        "accent2" : "#7676801F",
        "accent3" : "#30A0F8",
        "background" : "#ffffff",
        "call_to_action_background" : "#45c186",
        "call_to_action_foreground" : "#ffffff",
        "text1" : "#000000",
        "text2" : "#adf5c5",
        "text3" : "#b15d5d"
      }
    },
    "display_restore_purchases" : true,
    "image_overrides_by_tier" : {

    },
    "images_heic" : {
      "background" : null,
      "header" : "954459_1692992845.png",
      "icon" : null
    },
    "packages" : [

    ],
    "privacy_url" : null,
    "tiers" : [
      {
        "default_package" : "$rc_three_month",
        "id" : "basic",
        "packages" : [
          "$rc_three_month",
          "$rc_lifetime"
        ]
      },
      {
        "default_package" : "$rc_weekly",
        "id" : "standard",
        "packages" : [
          "$rc_weekly",
          "$rc_monthly"
        ]
      },
      {
        "default_package" : "$rc_annual",
        "id" : "premium",
        "packages" : [
          "$rc_six_month",
          "$rc_annual",
          "$rc_lifetime"
        ]
      }
    ],
    "tos_url" : "https://revenuecat.com/tos"
  },
  "localized_strings" : {

  },
  "localized_strings_by_tier" : {
    "en_US" : {
      "basic" : {
        "call_to_action" : "{{ price_per_period }}",
        "call_to_action_with_intro_offer" : "Start your {{ sub_offer_duration }} free trial",
        "features" : [
          {
            "icon_id" : "tick",
            "title" : "Access to 10 cinematic LUTs"
          },
          {
            "icon_id" : "tick",
            "title" : "Standard fonts"
          }
        ],
        "offer_details" : "{{ total_price_and_per_month }}",
        "offer_details_with_intro_offer" : "Free for {{ sub_offer_duration }}, then {{ total_price_and_per_month }}",
        "offer_name" : null,
        "subtitle" : null,
        "tier_name" : "Basic",
        "title" : "Get started with our Basic plan"
      },
      "premium" : {
        "call_to_action" : "{{ price_per_period }}",
        "call_to_action_with_intro_offer" : "Start your {{ sub_offer_duration }} free trial",
        "features" : [
          {
            "icon_id" : "tick",
            "title" : "Access to all 150 of our cinematic LUTs"
          },
          {
            "icon_id" : "tick",
            "title" : "Custom design tools and transition effects"
          },
          {
            "icon_id" : "tick",
            "title" : "100+ exclusive templates"
          }
        ],
        "offer_details" : "{{ total_price_and_per_month }}",
        "offer_details_with_intro_offer" : "Free for {{ sub_offer_duration }}, then {{ total_price_and_per_month }}",
        "offer_name" : null,
        "subtitle" : null,
        "tier_name" : "Premium",
        "title" : "Master the art of video editing"
      },
      "standard" : {
        "call_to_action" : "{{ price_per_period }}",
        "call_to_action_with_intro_offer" : "Start your {{ sub_offer_duration }} free trial",
        "features" : [
          {
            "icon_id" : "tick",
            "title" : "Access to 30 cinematic LUTs"
          },
          {
            "icon_id" : "tick",
            "title" : "Pro fonts and transition effects"
          },
          {
            "icon_id" : "tick",
            "title" : "10+ templates"
          }
        ],
        "offer_details" : "{{ total_price_and_per_month }}",
        "offer_details_with_intro_offer" : "Free for {{ sub_offer_duration }}, then {{ total_price_and_per_month }}",
        "offer_name" : null,
        "subtitle" : null,
        "tier_name" : "Standard",
        "title" : "Get started with our Standard plan"
      }
    }
  },
  "revision" : 0,
  "template_name" : "7_disabled"
}