{
  "a" : 1,
  "b" : {
    "b1" : false,
    "b2" : {
      "b21" : 1,
      "b22" : "https:\/\/google.com"
    },
    "b3" : [
      20.199999999999999,
      19.989999999999998,
      5
    ],
    "b4" : 50000
  },
  "c" : "3",
  "d" : null
}