{
  "headers" : {
    "Authorization" : "Bearer asharedsecret",
    "content-type" : "application/json",
    "X-Client-Build-Version" : "12345",
    "X-Client-Bundle-ID" : "com.apple.dt.xctest.tool",
    "X-Client-Version" : "17.0.0",
    "X-Is-Sandbox" : "false",
    "X-Observer-Mode-Enabled" : "false",
    "X-Platform" : "iOS",
    "X-Platform-Flavor" : "native",
    "X-Platform-Version" : "Version 17.0.0 (Build 21A342)",
    "X-Storefront" : "USA",
    "X-StoreKit-Version" : "1",
    "X-StoreKit2-Enabled" : "false",
    "X-Version" : "4.0.0"
  },
  "request" : {
    "body" : {
      "events" : [
        {
          "app_user_id" : "user",
          "dark_mode" : true,
          "display_mode" : "full_screen",
          "id" : "72164C05-2BDC-4807-8918-A4105F727DEB",
          "locale" : "es_ES",
          "offering_id" : "offering_1",
          "paywall_revision" : 5,
          "session_id" : "98CC0F1D-7665-4093-9624-1D7308FFF4DB",
          "timestamp" : 1694029328000,
          "type" : "paywall_impression",
          "version" : 1
        }
      ]
    },
    "method" : "POST",
    "url" : "https://api-paywalls.revenuecat.com/v1/events"
  }
}