{
  "app_user_id" : "user",
  "currency" : "UYU",
  "fetch_token" : "YW4gYXdlc29tZSByZWNlaXB0",
  "is_restore" : false,
  "observer_mode" : false,
  "payment_mode" : 1,
  "price" : "15.99",
  "product_id" : "product_id"
}