{
  "app_user_id" : "old id",
  "new_app_user_id" : "new id"
}