{
  "app_user_id" : "user",
  "fetch_token" : "YW4gYXdlc29tZWVyIHJlY2VpcHQ=",
  "is_restore" : false,
  "observer_mode" : true,
  "presented_offering_identifier" : "offering_b"
}