{
  "app_user_id" : "old id 2",
  "new_app_user_id" : "new id"
}