{
  "headers" : {
    "Authorization" : "Bearer asharedsecret",
    "content-type" : "application/json",
    "X-Apple-Device-Identifier" : "5D7C0074-07E4-4564-AAA4-4008D0640881",
    "X-Client-Build-Version" : "12345",
    "X-Client-Bundle-ID" : "com.apple.dt.xctest.tool",
    "X-Client-Version" : "17.0.0",
    "X-Is-Sandbox" : "true",
    "X-Observer-Mode-Enabled" : "false",
    "X-Platform" : "iOS",
    "X-Platform-Device" : "arm64",
    "X-Platform-Flavor" : "native",
    "X-Platform-Version" : "Version 17.0.0 (Build 21A342)",
    "X-Preferred-Locales" : "en_EN",
    "X-Retry-Count" : "0",
    "X-Storefront" : "USA",
    "X-StoreKit-Version" : "1",
    "X-StoreKit2-Enabled" : "false",
    "X-Version" : "4.0.0"
  },
  "request" : {
    "body" : {
      "entries" : [
        {
          "name" : "customer_info_verification_result",
          "properties" : {
            "verification_result" : "FAILED"
          },
          "timestamp" : "2023-09-06T19:42:08Z",
          "version" : 1
        },
        {
          "name" : "customer_info_verification_result",
          "properties" : {
            "verification_result" : "FAILED"
          },
          "timestamp" : "2023-09-06T17:45:21Z",
          "version" : 1
        }
      ]
    },
    "method" : "POST",
    "url" : "https://api-diagnostics.revenuecat.com/v1/diagnostics"
  }
}